
/home/zazdxscf $ adb logcat |grep -i fsck
- waiting for device -
V/SettingsProvider(  659): call(global:dropbox:SYSTEM_FSCK) for 0
D/SettingsProvider(  659): lookupValue table global cache contains Key dropbox:SYSTEM_FSCK , value = null
D/SettingsProvider(  659): lookupValue table global cache.fullyMatchesDisk() dropbox:SYSTEM_FSCK
V/Provider/Settings(  659): from db cache, name = dropbox:SYSTEM_FSCK , value = null
I/BootReceiver(  659): Checking for fsck errors
I/fsck_msdos(  137): The fsck_msdos options input by caller :
I/fsck_msdos(  137):  -p
I/fsck_msdos(  137):  -f
I/FSCK    ( 1838): checkfilesys start
I/FSCK    ( 1838): readboot() :
I/fsck_msdos(  137): ** /dev/block/vold/179:96
I/FSCK    ( 1838):  - could not read boot block.
I/fsck_msdos(  137): could not read boot block: I/O error
I/fsck_msdos(  137): Total fsck time took 2450 usecs
I/fsck_msdos(  137): === FSCK Time Usage ===
I/fsck_msdos(  137): Phase#1 tooks 0 usecs.
I/fsck_msdos(  137): Phase#2 tooks 0 usecs.
I/fsck_msdos(  137): Phase#3 tooks 0 usecs.
I/fsck_msdos(  137): Phase#4 tooks 0 usecs.
I/fsck_msdos(  137): Total fsck tooks 2450 usecs.
I/fsck_msdos(  137): fsck_msdos terminated by exit(8)
I/FSCK    ( 1905): checkfilesys start
I/FSCK    ( 1905): readboot() :
I/fsck_msdos(  137): The fsck_msdos options input by caller :
I/fsck_msdos(  137):  -p
I/fsck_msdos(  137):  -f
I/fsck_msdos(  137): ** /dev/block/vold/179:96
I/FSCK    ( 1905):  - could not read boot block.
I/fsck_msdos(  137): could not read boot block: I/O error
I/fsck_msdos(  137): Total fsck time took 1960 usecs
I/fsck_msdos(  137): === FSCK Time Usage ===
I/fsck_msdos(  137): Phase#1 tooks 0 usecs.
I/fsck_msdos(  137): Phase#2 tooks 0 usecs.
I/fsck_msdos(  137): Phase#3 tooks 0 usecs.
I/fsck_msdos(  137): Phase#4 tooks 0 usecs.
I/fsck_msdos(  137): Total fsck tooks 1960 usecs.
I/fsck_msdos(  137): fsck_msdos terminated by exit(8)
I/fsck_msdos(  137): The fsck_msdos options input by caller :
I/fsck_msdos(  137):  -p
I/fsck_msdos(  137):  -f
I/FSCK    ( 1913): checkfilesys start
I/FSCK    ( 1913): readboot() :
I/fsck_msdos(  137): ** /dev/block/vold/179:96
I/FSCK    ( 1913):  - could not read boot block.
I/fsck_msdos(  137): could not read boot block: I/O error
I/fsck_msdos(  137): Total fsck time took 4412 usecs
I/fsck_msdos(  137): === FSCK Time Usage ===
I/fsck_msdos(  137): Phase#1 tooks 0 usecs.
I/fsck_msdos(  137): Phase#2 tooks 0 usecs.
I/fsck_msdos(  137): Phase#3 tooks 0 usecs.
I/fsck_msdos(  137): Phase#4 tooks 0 usecs.
I/fsck_msdos(  137): Total fsck tooks 4412 usecs.
I/fsck_msdos(  137): fsck_msdos terminated by exit(8)
I/FSCK    ( 1915): checkfilesys start
I/FSCK    ( 1915): readboot() :
I/fsck_msdos(  137): The fsck_msdos options input by caller :
I/fsck_msdos(  137):  -p
I/fsck_msdos(  137):  -f
I/fsck_msdos(  137): ** /dev/block/vold/179:96
I/FSCK    ( 1915):  - could not read boot block.
I/fsck_msdos(  137): could not read boot block: I/O error
I/fsck_msdos(  137): Total fsck time took 5854 usecs
I/fsck_msdos(  137): === FSCK Time Usage ===
I/fsck_msdos(  137): Phase#1 tooks 0 usecs.
I/fsck_msdos(  137): Phase#2 tooks 0 usecs.
I/fsck_msdos(  137): Phase#3 tooks 0 usecs.
I/fsck_msdos(  137): Phase#4 tooks 0 usecs.
I/fsck_msdos(  137): Total fsck tooks 5854 usecs.
I/fsck_msdos(  137): fsck_msdos terminated by exit(8)
-----------
zazdxscf@gobaby 2016/04/09 23:44:46 -bash4.3.42 t:7 j:0 d:5 pp:9797 p:21042
!48287 55 0 0  4.6.0-rc2 #1 SMP PREEMPT Sun Apr 3 21:19:20 CEST 2016
/home/zazdxscf
/home/zazdxscf $ adb logcat |grep -i fsck
I/FSCK    ( 1915): checkfilesys start
I/FSCK    ( 1915): readboot() :
I/fsck_msdos(  137): The fsck_msdos options input by caller :
I/fsck_msdos(  137):  -p
I/fsck_msdos(  137):  -f
I/fsck_msdos(  137): ** /dev/block/vold/179:96
I/FSCK    ( 1915):  - could not read boot block.
I/fsck_msdos(  137): could not read boot block: I/O error
I/fsck_msdos(  137): Total fsck time took 5854 usecs
I/fsck_msdos(  137): === FSCK Time Usage ===
I/fsck_msdos(  137): Phase#1 tooks 0 usecs.
I/fsck_msdos(  137): Phase#2 tooks 0 usecs.
I/fsck_msdos(  137): Phase#3 tooks 0 usecs.
I/fsck_msdos(  137): Phase#4 tooks 0 usecs.
I/fsck_msdos(  137): Total fsck tooks 5854 usecs.
I/fsck_msdos(  137): fsck_msdos terminated by exit(8)
I/fsck_msdos(  137): The fsck_msdos options input by caller :
I/fsck_msdos(  137):  -p
I/fsck_msdos(  137):  -f
I/FSCK    ( 2001): checkfilesys start
I/fsck_msdos(  137): ** /dev/block/vold/179:96
I/FSCK    ( 2001): readboot() :
I/FSCK    ( 2001):  - could not read boot block.
I/fsck_msdos(  137): could not read boot block: I/O error
I/fsck_msdos(  137): Total fsck time took 8523 usecs
I/fsck_msdos(  137): === FSCK Time Usage ===
I/fsck_msdos(  137): Phase#1 tooks 0 usecs.
I/fsck_msdos(  137): Phase#2 tooks 0 usecs.
I/fsck_msdos(  137): Phase#3 tooks 0 usecs.
I/fsck_msdos(  137): Phase#4 tooks 0 usecs.
I/fsck_msdos(  137): Total fsck tooks 8523 usecs.
I/fsck_msdos(  137): fsck_msdos terminated by exit(8)
-----------
zazdxscf@gobaby 2016/04/09 23:45:24 -bash4.3.42 t:7 j:0 d:5 pp:9797 p:21042
!48288 56 0 0  4.6.0-rc2 #1 SMP PREEMPT Sun Apr 3 21:19:20 CEST 2016
/home/zazdxscf
/home/zazdxscf $ adb logcat |grep -i fsck
I/fsck_msdos(  137): The fsck_msdos options input by caller :
I/FSCK    ( 2058): checkfilesys start
I/fsck_msdos(  137):  -p
I/fsck_msdos(  137):  -f
I/fsck_msdos(  137): ** /dev/block/vold/179:96
I/FSCK    ( 2058): readboot() :
I/FSCK    ( 2058):  - could not read boot block.
I/fsck_msdos(  137): could not read boot block: I/O error
I/fsck_msdos(  137): Total fsck time took 7059 usecs
I/fsck_msdos(  137): === FSCK Time Usage ===
I/fsck_msdos(  137): Phase#1 tooks 0 usecs.
I/fsck_msdos(  137): Phase#2 tooks 0 usecs.
I/fsck_msdos(  137): Phase#3 tooks 0 usecs.
I/fsck_msdos(  137): Phase#4 tooks 0 usecs.
I/fsck_msdos(  137): Total fsck tooks 7059 usecs.
I/fsck_msdos(  137): fsck_msdos terminated by exit(8)
I/fsck_msdos(  137): The fsck_msdos options input by caller :
I/fsck_msdos(  137):  -p
I/fsck_msdos(  137):  -f
I/FSCK    ( 2081): checkfilesys start
I/FSCK    ( 2081): readboot() :
I/fsck_msdos(  137): ** /dev/block/vold/179:96
I/FSCK    ( 2081):  - could not read boot block.
I/fsck_msdos(  137): could not read boot block: I/O error
I/fsck_msdos(  137): Total fsck time took 6626 usecs
I/fsck_msdos(  137): === FSCK Time Usage ===
I/fsck_msdos(  137): Phase#1 tooks 0 usecs.
I/fsck_msdos(  137): Phase#2 tooks 0 usecs.
I/fsck_msdos(  137): Phase#3 tooks 0 usecs.
I/fsck_msdos(  137): Phase#4 tooks 0 usecs.
I/fsck_msdos(  137): Total fsck tooks 6626 usecs.
I/fsck_msdos(  137): fsck_msdos terminated by exit(8)
I/FSCK    ( 2106): checkfilesys start
I/FSCK    ( 2106): readboot() :
I/fsck_msdos(  137): The fsck_msdos options input by caller :
I/fsck_msdos(  137):  -p
I/fsck_msdos(  137):  -f
I/fsck_msdos(  137): ** /dev/block/vold/179:96
I/FSCK    ( 2106): This is FAT32! Now check some FAT32-specific features.
I/fsck_msdos(  137): Invalid FAT32 Extended BIOS Parameter Block
I/fsck_msdos(  137): Total fsck time took 4779 usecs
I/fsck_msdos(  137): === FSCK Time Usage ===
I/fsck_msdos(  137): Phase#1 tooks 0 usecs.
I/fsck_msdos(  137): Phase#2 tooks 0 usecs.
I/fsck_msdos(  137): Phase#3 tooks 0 usecs.
I/fsck_msdos(  137): Phase#4 tooks 0 usecs.
I/fsck_msdos(  137): Total fsck tooks 4779 usecs.
I/fsck_msdos(  137): fsck_msdos terminated by exit(8)
I/FSCK    ( 2129): checkfilesys start
I/FSCK    ( 2129): readboot() :
I/fsck_msdos(  137): The fsck_msdos options input by caller :
I/fsck_msdos(  137):  -p
I/fsck_msdos(  137):  -f
I/fsck_msdos(  137): ** /dev/block/vold/179:96
I/FSCK    ( 2129): This is FAT32! Now check some FAT32-specific features.
I/fsck_msdos(  137): Invalid FAT32 Extended BIOS Parameter Block
I/fsck_msdos(  137): Total fsck time took 5066 usecs
I/fsck_msdos(  137): === FSCK Time Usage ===
I/fsck_msdos(  137): Phase#1 tooks 0 usecs.
I/fsck_msdos(  137): Phase#2 tooks 0 usecs.
I/fsck_msdos(  137): Phase#3 tooks 0 usecs.
I/fsck_msdos(  137): Phase#4 tooks 0 usecs.
I/fsck_msdos(  137): Total fsck tooks 5066 usecs.
I/fsck_msdos(  137): fsck_msdos terminated by exit(8)
I/fsck_msdos(  137): The fsck_msdos options input by caller :
I/fsck_msdos(  137):  -p
I/fsck_msdos(  137):  -f
I/FSCK    ( 2166): checkfilesys start
I/fsck_msdos(  137): ** /dev/block/vold/179:97
I/FSCK    ( 2166): readboot() :
I/FSCK    ( 2166): This is FAT32! Now check some FAT32-specific features.
I/FSCK    ( 2166):  - Read FS-Info block.
I/FSCK    ( 2166):  - Compare backup..
I/FSCK    ( 2166):  - fill other info to struct bootblock
I/FSCK    ( 2166): readfat()
I/FSCK    ( 2166):  - readFATsec = 3797
I/FSCK    ( 2166):  - Try to allocate buffer/fat.
I/fsck_msdos(  137):  OEM name and version : '        ' 
I/fsck_msdos(  137):  MTK_VFAT_MAX_FILE_SIZE:4294967295, fat_entry_max_len:131072, bytes per cluster:32768
I/fsck_msdos(  137): ** Phase 1 - Read and Compare FATs
I/fsck_msdos(  137): Attempting to allocate 1898 KB for FAT 
I/fsck_msdos(  137): Allocate for fatEntry (485938 x 16) = 7592 KB 
I/fsck_msdos(  137): System MemFree: 268180 kB, Cached: 364868 kB 
I/fsck_msdos(  137): readfat: read FAT error: Success
I/fsck_msdos(  137): Fatal error during readfat()
I/fsck_msdos(  137): Total fsck time took 344622 usecs
I/fsck_msdos(  137): === FSCK Time Usage ===
I/fsck_msdos(  137): Phase#1 tooks 1020833194 usecs.
I/fsck_msdos(  137): Phase#2 tooks 0 usecs.
I/fsck_msdos(  137): Phase#3 tooks 0 usecs.
I/fsck_msdos(  137): Phase#4 tooks 0 usecs.
I/fsck_msdos(  137): Total fsck tooks 344622 usecs.
I/fsck_msdos(  137): fsck_msdos terminated by exit(8)
I/fsck_msdos(  137): The fsck_msdos options input by caller :
I/fsck_msdos(  137):  -p
I/fsck_msdos(  137):  -f
I/FSCK    ( 2209): checkfilesys start
I/fsck_msdos(  137): ** /dev/block/vold/179:97
I/FSCK    ( 2209): readboot() :
I/FSCK    ( 2209): This is FAT32! Now check some FAT32-specific features.
I/FSCK    ( 2209):  - Read FS-Info block.
I/FSCK    ( 2209):  - Compare backup..
I/FSCK    ( 2209):  - fill other info to struct bootblock
I/FSCK    ( 2209): readfat()
I/FSCK    ( 2209):  - readFATsec = 3797
I/FSCK    ( 2209):  - Try to allocate buffer/fat.
I/fsck_msdos(  137):  OEM name and version : '        ' 
I/fsck_msdos(  137):  MTK_VFAT_MAX_FILE_SIZE:4294967295, fat_entry_max_len:131072, bytes per cluster:32768
I/fsck_msdos(  137): ** Phase 1 - Read and Compare FATs
I/fsck_msdos(  137): Attempting to allocate 1898 KB for FAT 
I/fsck_msdos(  137): Allocate for fatEntry (485938 x 16) = 7592 KB 
I/fsck_msdos(  137): System MemFree: 265776 kB, Cached: 364868 kB 
I/fsck_msdos(  137): readfat: read FAT error: Success
I/fsck_msdos(  137): Fatal error during readfat()
I/fsck_msdos(  137): Total fsck time took 329392 usecs
I/fsck_msdos(  137): === FSCK Time Usage ===
I/fsck_msdos(  137): Phase#1 tooks 1036569551 usecs.
I/fsck_msdos(  137): Phase#2 tooks 0 usecs.
I/fsck_msdos(  137): Phase#3 tooks 0 usecs.
I/fsck_msdos(  137): Phase#4 tooks 0 usecs.
I/fsck_msdos(  137): Total fsck tooks 329392 usecs.
I/fsck_msdos(  137): fsck_msdos terminated by exit(8)
I/fsck_msdos(  137): The fsck_msdos options input by caller :
I/fsck_msdos(  137):  -p
I/fsck_msdos(  137):  -f
I/FSCK    ( 2259): checkfilesys start
I/fsck_msdos(  137): ** /dev/block/vold/179:97
I/FSCK    ( 2259): readboot() :
I/FSCK    ( 2259): This is FAT32! Now check some FAT32-specific features.
I/FSCK    ( 2259):  - Read FS-Info block.
I/FSCK    ( 2259):  - Compare backup..
I/FSCK    ( 2259):  - fill other info to struct bootblock
I/FSCK    ( 2259): readfat()
I/FSCK    ( 2259):  - readFATsec = 3797
I/FSCK    ( 2259):  - Try to allocate buffer/fat.
I/fsck_msdos(  137):  OEM name and version : '        ' 
I/fsck_msdos(  137):  MTK_VFAT_MAX_FILE_SIZE:4294967295, fat_entry_max_len:131072, bytes per cluster:32768
I/fsck_msdos(  137): ** Phase 1 - Read and Compare FATs
I/fsck_msdos(  137): Attempting to allocate 1898 KB for FAT 
I/fsck_msdos(  137): Allocate for fatEntry (485938 x 16) = 7592 KB 
I/fsck_msdos(  137): System MemFree: 265824 kB, Cached: 364868 kB 
I/fsck_msdos(  137): readfat: read FAT error: Success
I/fsck_msdos(  137): Fatal error during readfat()
I/fsck_msdos(  137): Total fsck time took 489835 usecs
I/fsck_msdos(  137): === FSCK Time Usage ===
I/fsck_msdos(  137): Phase#1 tooks 1049400442 usecs.
I/fsck_msdos(  137): Phase#2 tooks 0 usecs.
I/fsck_msdos(  137): Phase#3 tooks 0 usecs.
I/fsck_msdos(  137): Phase#4 tooks 0 usecs.
I/fsck_msdos(  137): Total fsck tooks 489835 usecs.
I/fsck_msdos(  137): fsck_msdos terminated by exit(8)
I/fsck_msdos(  137): The fsck_msdos options input by caller :
I/fsck_msdos(  137):  -p
I/fsck_msdos(  137):  -f
I/FSCK    ( 2309): checkfilesys start
I/fsck_msdos(  137): ** /dev/block/vold/179:97
I/FSCK    ( 2309): readboot() :
I/FSCK    ( 2309): This is FAT32! Now check some FAT32-specific features.
I/FSCK    ( 2309):  - Read FS-Info block.
I/FSCK    ( 2309):  - Compare backup..
I/FSCK    ( 2309):  - fill other info to struct bootblock
I/fsck_msdos(  137):  OEM name and version : '        ' 
I/fsck_msdos(  137):  MTK_VFAT_MAX_FILE_SIZE:4294967295, fat_entry_max_len:131072, bytes per cluster:32768
I/fsck_msdos(  137): ** Phase 1 - Read and Compare FATs
I/FSCK    ( 2309): readfat()
I/FSCK    ( 2309):  - readFATsec = 3797
I/fsck_msdos(  137): Attempting to allocate 1898 KB for FAT 
I/fsck_msdos(  137): Allocate for fatEntry (485938 x 16) = 7592 KB 
I/fsck_msdos(  137): System MemFree: 264468 kB, Cached: 364868 kB 
I/FSCK    ( 2309):  - Try to allocate buffer/fat.
I/fsck_msdos(  137): readfat: read FAT error: Success
I/fsck_msdos(  137): Fatal error during readfat()
I/fsck_msdos(  137): Total fsck time took 574421 usecs
I/fsck_msdos(  137): === FSCK Time Usage ===
I/fsck_msdos(  137): Phase#1 tooks 1070638969 usecs.
I/fsck_msdos(  137): Phase#2 tooks 0 usecs.
I/fsck_msdos(  137): Phase#3 tooks 0 usecs.
I/fsck_msdos(  137): Phase#4 tooks 0 usecs.
I/fsck_msdos(  137): Total fsck tooks 574421 usecs.
I/fsck_msdos(  137): fsck_msdos terminated by exit(8)
I/fsck_msdos(  137): The fsck_msdos options input by caller :
I/fsck_msdos(  137):  -p
I/fsck_msdos(  137):  -f
I/FSCK    ( 2359): checkfilesys start
I/fsck_msdos(  137): ** /dev/block/vold/179:97
I/FSCK    ( 2359): readboot() :
I/FSCK    ( 2359): This is FAT32! Now check some FAT32-specific features.
I/FSCK    ( 2359):  - Read FS-Info block.
I/FSCK    ( 2359):  - Compare backup..
I/FSCK    ( 2359):  - fill other info to struct bootblock
I/FSCK    ( 2359): readfat()
I/FSCK    ( 2359):  - readFATsec = 3797
I/FSCK    ( 2359):  - Try to allocate buffer/fat.
I/fsck_msdos(  137):  OEM name and version : '        ' 
I/fsck_msdos(  137):  MTK_VFAT_MAX_FILE_SIZE:4294967295, fat_entry_max_len:131072, bytes per cluster:32768
I/fsck_msdos(  137): ** Phase 1 - Read and Compare FATs
I/fsck_msdos(  137): Attempting to allocate 1898 KB for FAT 
I/fsck_msdos(  137): Allocate for fatEntry (485938 x 16) = 7592 KB 
I/fsck_msdos(  137): System MemFree: 265556 kB, Cached: 364868 kB 
I/FSCK    ( 2359): 1st FAT, check media-type and dirty-bits
I/FSCK    ( 2359):  - Read next-value to fatEntry[] 2 ~ 76a32
I/FSCK    ( 2359): readfat()
I/FSCK    ( 2359):  - readFATsec = 3797
I/fsck_msdos(  137): Attempting to allocate 1898 KB for FAT 
I/fsck_msdos(  137): Allocate for fatEntry (485938 x 16) = 7592 KB 
I/fsck_msdos(  137): System MemFree: 255504 kB, Cached: 364860 kB 
I/FSCK    ( 2359):  - Try to allocate buffer/fat.
I/fsck_msdos(  137): readfat: read FAT error: Success
I/fsck_msdos(  137): Fatal error during readfat() for comparison
I/fsck_msdos(  137): ***** FSFATAL *****
I/fsck_msdos(  137): Total fsck time took 596296 usecs
I/fsck_msdos(  137): === FSCK Time Usage ===
I/fsck_msdos(  137): Phase#1 tooks 1086197993 usecs.
I/fsck_msdos(  137): Phase#2 tooks 0 usecs.
I/fsck_msdos(  137): Phase#3 tooks 0 usecs.
I/fsck_msdos(  137): Phase#4 tooks 0 usecs.
I/fsck_msdos(  137): Total fsck tooks 596296 usecs.
I/fsck_msdos(  137): fsck_msdos terminated by exit(8)
I/fsck_msdos(  137): The fsck_msdos options input by caller :
I/fsck_msdos(  137):  -p
I/fsck_msdos(  137):  -f
I/FSCK    ( 2409): checkfilesys start
I/fsck_msdos(  137): ** /dev/block/vold/179:97
I/FSCK    ( 2409): readboot() :
I/FSCK    ( 2409): This is FAT32! Now check some FAT32-specific features.
I/FSCK    ( 2409):  - Read FS-Info block.
I/FSCK    ( 2409):  - Compare backup..
I/FSCK    ( 2409):  - fill other info to struct bootblock
I/FSCK    ( 2409): readfat()
I/FSCK    ( 2409):  - readFATsec = 3797
I/FSCK    ( 2409):  - Try to allocate buffer/fat.
I/fsck_msdos(  137):  OEM name and version : '        ' 
I/fsck_msdos(  137):  MTK_VFAT_MAX_FILE_SIZE:4294967295, fat_entry_max_len:131072, bytes per cluster:32768
I/fsck_msdos(  137): ** Phase 1 - Read and Compare FATs
I/fsck_msdos(  137): Attempting to allocate 1898 KB for FAT 
I/fsck_msdos(  137): Allocate for fatEntry (485938 x 16) = 7592 KB 
I/fsck_msdos(  137): System MemFree: 265044 kB, Cached: 364868 kB 
I/FSCK    ( 2409): 1st FAT, check media-type and dirty-bits
I/FSCK    ( 2409):  - Read next-value to fatEntry[] 2 ~ 76a32
I/FSCK    ( 2409): readfat()
I/FSCK    ( 2409):  - readFATsec = 3797
I/fsck_msdos(  137): Attempting to allocate 1898 KB for FAT 
I/fsck_msdos(  137): Allocate for fatEntry (485938 x 16) = 7592 KB 
I/fsck_msdos(  137): System MemFree: 255000 kB, Cached: 364884 kB 
I/FSCK    ( 2409):  - Try to allocate buffer/fat.
I/fsck_msdos(  137): readfat: read FAT error: Success
I/fsck_msdos(  137): Fatal error during readfat() for comparison
I/fsck_msdos(  137): ***** FSFATAL *****
I/fsck_msdos(  137): Total fsck time took 526922 usecs
I/fsck_msdos(  137): === FSCK Time Usage ===
I/fsck_msdos(  137): Phase#1 tooks 1102316538 usecs.
I/fsck_msdos(  137): Phase#2 tooks 0 usecs.
I/fsck_msdos(  137): Phase#3 tooks 0 usecs.
I/fsck_msdos(  137): Phase#4 tooks 0 usecs.
I/fsck_msdos(  137): Total fsck tooks 526922 usecs.
I/fsck_msdos(  137): fsck_msdos terminated by exit(8)
I/fsck_msdos(  137): The fsck_msdos options input by caller :
I/fsck_msdos(  137):  -p
I/fsck_msdos(  137):  -f
I/FSCK    ( 2461): checkfilesys start
I/fsck_msdos(  137): ** /dev/block/vold/179:97
I/FSCK    ( 2461): readboot() :
I/FSCK    ( 2461): This is FAT32! Now check some FAT32-specific features.
I/FSCK    ( 2461):  - Read FS-Info block.
I/FSCK    ( 2461):  - Compare backup..
I/FSCK    ( 2461):  - fill other info to struct bootblock
I/FSCK    ( 2461): readfat()
I/FSCK    ( 2461):  - readFATsec = 3797
I/FSCK    ( 2461):  - Try to allocate buffer/fat.
I/fsck_msdos(  137):  OEM name and version : '        ' 
I/fsck_msdos(  137):  MTK_VFAT_MAX_FILE_SIZE:4294967295, fat_entry_max_len:131072, bytes per cluster:32768
I/fsck_msdos(  137): ** Phase 1 - Read and Compare FATs
I/fsck_msdos(  137): Attempting to allocate 1898 KB for FAT 
I/fsck_msdos(  137): Allocate for fatEntry (485938 x 16) = 7592 KB 
I/fsck_msdos(  137): System MemFree: 264096 kB, Cached: 364868 kB 
I/FSCK    ( 2461): 1st FAT, check media-type and dirty-bits
I/FSCK    ( 2461):  - Read next-value to fatEntry[] 2 ~ 76a32
I/FSCK    ( 2461): readfat()
I/FSCK    ( 2461):  - readFATsec = 3797
I/fsck_msdos(  137): Attempting to allocate 1898 KB for FAT 
I/fsck_msdos(  137): Allocate for fatEntry (485938 x 16) = 7592 KB 
I/fsck_msdos(  137): System MemFree: 253820 kB, Cached: 364860 kB 
I/FSCK    ( 2461):  - Try to allocate buffer/fat.
I/FSCK    ( 2461): 1st FAT, check media-type and dirty-bits
I/FSCK    ( 2461):  - Read next-value to fatEntry[] 2 ~ 76a32
I/fsck_msdos(  137): Phase#1 took 366724 usecs
I/fsck_msdos(  137): ** Phase 2 - Check Cluster Chains
I/FSCK    ( 2461): checkfat()
I/FSCK    ( 2461):  - Figure out the cluster chains.
I/FSCK    ( 2461):  - Check for crosslinked chains
I/fsck_msdos(  137): Phase#2 took 41454 usecs
I/fsck_msdos(  137): ** Phase 3 - Checking Directories
I/FSCK    ( 2461): resetDosDirSection()
I/FSCK    ( 2461): resetDosDirSection() .. this is FAT32!
I/FSCK    ( 2461): readDosDirSection()
I/FSCK    ( 2461):  - chain start from cl#7628 is used!
I/FSCK    ( 2461):  - gather more info for dir(/LOST.DIR)
I/FSCK    ( 2461): check_dot_dot().. Directory must have (.) and (..).
I/FSCK    ( 2461):  - chain start from cl#762a is used!
I/FSCK    ( 2461):  - gather more info for dir(/backup)
I/FSCK    ( 2461): check_dot_dot().. Directory must have (.) and (..).
I/FSCK    ( 2461):  - chain start from cl#14aa6 is used!
I/FSCK    ( 2461):  - chain start from cl#14aaa is used!
I/FSCK    ( 2461):  - chain start from cl#7629 is used!
I/FSCK    ( 2461):  - gather more info for dir(/1)
I/FSCK    ( 2461): check_dot_dot().. Directory must have (.) and (..).
I/FSCK    ( 2461):  - chain start from cl#14a9f is used!
I/FSCK    ( 2461):  - chain start from cl#14ed8 is used!
I/FSCK    ( 2461):  - chain start from cl#14ed2 is used!
I/FSCK    ( 2461):  - chain start from cl#14aa0 is used!
I/FSCK    ( 2461): readDosDirSection()
I/FSCK    ( 2461):  - chain start from cl#7629 is used!
I/FSCK    ( 2461):  - gather more info for dir(/1/.)
I/FSCK    ( 2461):  - gather more info for dir(/1/..)
I/FSCK    ( 2461):  - chain start from cl#197d8 is used!
I/FSCK    ( 2461):  - gather more info for dir(/1/nixos)
I/FSCK    ( 2461): check_dot_dot().. Directory must have (.) and (..).
I/FSCK    ( 2461):  - chain start from cl#1964e is used!
I/FSCK    ( 2461):  - gather more info for dir(/1/prep)
I/FSCK    ( 2461): check_dot_dot().. Directory must have (.) and (..).
I/FSCK    ( 2461):  - chain start from cl#1500f is used!
I/FSCK    ( 2461):  - gather more info for dir(/1/BooksD)
I/FSCK    ( 2461): check_dot_dot().. Directory must have (.) and (..).
I/FSCK    ( 2461):  - chain start from cl#22b is used!
I/FSCK    ( 2461):  - gather more info for dir(/1/Books)
I/FSCK    ( 2461): check_dot_dot().. Directory must have (.) and (..).
I/FSCK    ( 2461):  - chain start from cl#14a95 is used!
I/FSCK    ( 2461):  - gather more info for dir(/1/DCIM)
I/FSCK    ( 2461): check_dot_dot().. Directory must have (.) and (..).
I/FSCK    ( 2461):  - chain start from cl#c87c is used!
I/FSCK    ( 2461):  - gather more info for dir(/1/HedgeDict)
I/FSCK    ( 2461): check_dot_dot().. Directory must have (.) and (..).
I/FSCK    ( 2461):  - chain start from cl#8ab2 is used!
I/FSCK    ( 2461):  - gather more info for dir(/1/apksall)
I/FSCK    ( 2461): check_dot_dot().. Directory must have (.) and (..).
I/FSCK    ( 2461):  - chain start from cl#730d is used!
I/FSCK    ( 2461):  - gather more info for dir(/1/mp3)
I/FSCK    ( 2461): check_dot_dot().. Directory must have (.) and (..).
I/FSCK    ( 2461):  - chain start from cl#3 is used!
I/FSCK    ( 2461):  - gather more info for dir(/1/ffxpi)
I/FSCK    ( 2461): check_dot_dot().. Directory must have (.) and (..).
I/FSCK    ( 2461):  - chain start from cl#14fe6 is used!
I/FSCK    ( 2461):  - chain start from cl#14a40 is used!
I/FSCK    ( 2461):  - chain start from cl#149a1 is used!
I/FSCK    ( 2461):  - chain start from cl#149f4 is used!
I/FSCK    ( 2461):  - chain start from cl#149a0 is used!
I/FSCK    ( 2461):  - chain start from cl#762b is used!
I/FSCK    ( 2461):  - chain start from cl#19488 is used!
I/FSCK    ( 2461):  - chain start from cl#14557 is used!
I/FSCK    ( 2461):  - chain start from cl#14556 is used!
I/FSCK    ( 2461):  - chain start from cl#14555 is used!
I/FSCK    ( 2461):  - chain start from cl#14554 is used!
I/FSCK    ( 2461): readDosDirSection()
I/FSCK    ( 2461):  - chain start from cl#3 is used!
I/FSCK    ( 2461):  - gather more info for dir(/1/ffxpi/.)
I/FSCK    ( 2461):  - chain start from cl#7629 is used!
I/FSCK    ( 2461):  - gather more info for dir(/1/ffxpi/..)
I/FSCK    ( 2461):  - chain start from cl#4 is used!
I/FSCK    ( 2461):  - chain start from cl#35 is used!
I/FSCK    ( 2461):  - chain start from cl#6b is used!
I/FSCK    ( 2461):  - gather more info for dir(/1/ffxpi/old)
I/FSCK    ( 2461): check_dot_dot().. Directory must have (.) and (..).
I/FSCK    ( 2461):  - chain start from cl#d3 is used!
I/FSCK    ( 2461):  - chain start from cl#d9 is used!
I/FSCK    ( 2461):  - chain start from cl#15b is used!
I/FSCK    ( 2461):  - chain start from cl#1dd is used!
I/FSCK    ( 2461): readDosDirSection()
I/FSCK    ( 2461):  - chain start from cl#6b is used!
I/FSCK    ( 2461):  - gather more info for dir(/1/ffxpi/old/.)
I/FSCK    ( 2461):  - chain start from cl#3 is used!
I/FSCK    ( 2461):  - gather more info for dir(/1/ffxpi/old/..)
I/FSCK    ( 2461):  - chain start from cl#6c is used!
I/FSCK    ( 2461):  - chain start from cl#a2 is used!
I/FSCK    ( 2461): readDosDirSection()
I/FSCK    ( 2461):  - chain start from cl#730d is used!
I/FSCK    ( 2461):  - gather more info for dir(/1/mp3/.)
I/FSCK    ( 2461):  - chain start from cl#7629 is used!
I/FSCK    ( 2461):  - gather more info for dir(/1/mp3/..)
I/FSCK    ( 2461):  - chain start from cl#730e is used!
I/FSCK    ( 2461):  - chain start from cl#735c is used!
I/FSCK    ( 2461):  - chain start from cl#73fd is used!
I/FSCK    ( 2461):  - chain start from cl#745f is used!
I/FSCK    ( 2461):  - chain start from cl#74db is used!
I/FSCK    ( 2461):  - chain start from cl#755a is used!
I/FSCK    ( 2461):  - chain start from cl#759f is used!
I/FSCK    ( 2461):  - chain start from cl#7638 is used!
I/FSCK    ( 2461):  - chain start from cl#76d0 is used!
I/FSCK    ( 2461):  - chain start from cl#7737 is used!
I/FSCK    ( 2461):  - chain start from cl#77ba is used!
I/FSCK    ( 2461):  - chain start from cl#783f is used!
I/FSCK    ( 2461):  - chain start from cl#787c is used!
I/FSCK    ( 2461):  - chain start from cl#7905 is used!
I/FSCK    ( 2461):  - chain start from cl#7be4 is used!
I/FSCK    ( 2461):  - chain start from cl#7c1c is used!
I/FSCK    ( 2461):  - chain start from cl#7ca9 is used!
I/FSCK    ( 2461):  - chain start from cl#7d11 is used!
I/FSCK    ( 2461):  - chain start from cl#7d68 is used!
I/FSCK    ( 2461):  - chain start from cl#7dc2 is used!
I/FSCK    ( 2461):  - chain start from cl#7e30 is used!
I/FSCK    ( 2461):  - chain start from cl#7e87 is used!
I/FSCK    ( 2461):  - chain start from cl#7ed6 is used!
I/FSCK    ( 2461):  - chain start from cl#7f5d is used!
I/FSCK    ( 2461):  - chain start from cl#7ffe is used!
I/FSCK    ( 2461):  - chain start from cl#8080 is used!
I/FSCK    ( 2461):  - chain start from cl#810f is used!
I/FSCK    ( 2461):  - chain start from cl#81da is used!
I/FSCK    ( 2461):  - chain start from cl#8220 is used!
I/FSCK    ( 2461):  - chain start from cl#82bb is used!
I/FSCK    ( 2461):  - chain start from cl#832d is used!
I/FSCK    ( 2461):  - chain start from cl#83e1 is used!
I/FSCK    ( 2461): readDosDirSection()
I/FSCK    ( 2461):  - chain start from cl#8ab2 is used!
I/FSCK    ( 2461):  - gather more info for dir(/1/apksall/.)
I/FSCK    ( 2461):  - chain start from cl#7629 is used!
I/FSCK    ( 2461):  - gather more info for dir(/1/apksall/..)
I/FSCK    ( 2461):  - chain start from cl#8ab4 is used!
I/FSCK    ( 2461):  - gather more info for dir(/1/apksall/pdf reader)
I/FSCK    ( 2461): check_dot_dot().. Directory must have (.) and (..).
I/FSCK    ( 2461):  - chain start from cl#8cea is used!
I/FSCK    ( 2461):  - gather more info for dir(/1/apksall/firefox)
I/FSCK    ( 2461): check_dot_dot().. Directory must have (.) and (..).
I/FSCK    ( 2461):  - chain start from cl#9293 is used!
I/FSCK    ( 2461):  - gather more info for dir(/1/apksall/firewall)
I/FSCK    ( 2461): check_dot_dot().. Directory must have (.) and (..).
I/FSCK    ( 2461):  - chain start from cl#92ca is used!
I/FSCK    ( 2461):  - gather more info for dir(/1/apksall/terminal)
I/FSCK    ( 2461): check_dot_dot().. Directory must have (.) and (..).
I/FSCK    ( 2461):  - chain start from cl#98d5 is used!
I/FSCK    ( 2461):  - gather more info for dir(/1/apksall/ide)
I/FSCK    ( 2461): check_dot_dot().. Directory must have (.) and (..).
I/FSCK    ( 2461):  - chain start from cl#9ced is used!
I/FSCK    ( 2461):  - gather more info for dir(/1/apksall/info)
I/FSCK    ( 2461): check_dot_dot().. Directory must have (.) and (..).
I/FSCK    ( 2461):  - chain start from cl#9d24 is used!
I/FSCK    ( 2461):  - gather more info for dir(/1/apksall/piano)
I/FSCK    ( 2461): check_dot_dot().. Directory must have (.) and (..).
I/FSCK    ( 2461):  - chain start from cl#9f6b is used!
I/FSCK    ( 2461):  - gather more info for dir(/1/apksall/task manager)
I/FSCK    ( 2461): check_dot_dot().. Directory must have (.) and (..).
I/FSCK    ( 2461):  - chain start from cl#9ff6 is used!
I/FSCK    ( 2461):  - gather more info for dir(/1/apksall/totalcommander)
I/FSCK    ( 2461): check_dot_dot().. Directory must have (.) and (..).
I/FSCK    ( 2461):  - chain start from cl#a033 is used!
I/FSCK    ( 2461):  - gather more info for dir(/1/apksall/vlc)
I/FSCK    ( 2461): check_dot_dot().. Directory must have (.) and (..).
I/FSCK    ( 2461):  - chain start from cl#a1e3 is used!
I/FSCK    ( 2461):  - gather more info for dir(/1/apksall/guitar)
I/FSCK    ( 2461): check_dot_dot().. Directory must have (.) and (..).
I/FSCK    ( 2461):  - chain start from cl#a43e is used!
I/FSCK    ( 2461):  - gather more info for dir(/1/apksall/voice recorder)
I/FSCK    ( 2461): check_dot_dot().. Directory must have (.) and (..).
I/FSCK    ( 2461):  - chain start from cl#a4bf is used!
I/FSCK    ( 2461):  - gather more info for dir(/1/apksall/flexisketch)
I/FSCK    ( 2461): check_dot_dot().. Directory must have (.) and (..).
I/FSCK    ( 2461):  - chain start from cl#a4ca is used!
I/FSCK    ( 2461):  - gather more info for dir(/1/apksall/knowledgebase)
I/FSCK    ( 2461): check_dot_dot().. Directory must have (.) and (..).
I/FSCK    ( 2461):  - chain start from cl#a5b6 is used!
I/FSCK    ( 2461):  - gather more info for dir(/1/apksall/logger)
I/FSCK    ( 2461): check_dot_dot().. Directory must have (.) and (..).
I/FSCK    ( 2461):  - chain start from cl#a67d is used!
I/FSCK    ( 2461):  - gather more info for dir(/1/apksall/permissions)
I/FSCK    ( 2461): check_dot_dot().. Directory must have (.) and (..).
I/FSCK    ( 2461):  - chain start from cl#c791 is used!
I/FSCK    ( 2461):  - gather more info for dir(/1/apksall/dictionars)
I/FSCK    ( 2461): check_dot_dot().. Directory must have (.) and (..).
I/FSCK    ( 2461):  - chain start from cl#bbaa is used!
I/FSCK    ( 2461):  - gather more info for dir(/1/apksall/maps)
I/FSCK    ( 2461): check_dot_dot().. Directory must have (.) and (..).
I/FSCK    ( 2461):  - chain start from cl#c298 is used!
I/FSCK    ( 2461): readDosDirSection()
I/FSCK    ( 2461):  - chain start from cl#bbaa is used!
I/FSCK    ( 2461):  - gather more info for dir(/1/apksall/maps/.)
I/FSCK    ( 2461):  - chain start from cl#8ab2 is used!
I/FSCK    ( 2461):  - gather more info for dir(/1/apksall/maps/..)
I/FSCK    ( 2461):  - chain start from cl#d620 is used!
I/FSCK    ( 2461):  - gather more info for dir(/1/apksall/maps/maps downloaded already)
I/FSCK    ( 2461): check_dot_dot().. Directory must have (.) and (..).
I/FSCK    ( 2461):  - chain start from cl#14552 is used!
I/FSCK    ( 2461):  - chain start from cl#14551 is used!
I/FSCK    ( 2461):  - chain start from cl#14553 is used!
I/FSCK    ( 2461):  - chain start from cl#11bfb is used!
I/FSCK    ( 2461): readDosDirSection()
I/FSCK    ( 2461):  - chain start from cl#d620 is used!
I/FSCK    ( 2461):  - gather more info for dir(/1/apksall/maps/maps downloaded already/.)
I/FSCK    ( 2461):  - chain start from cl#bbaa is used!
I/FSCK    ( 2461):  - gather more info for dir(/1/apksall/maps/maps downloaded already/..)
I/FSCK    ( 2461):  - chain start from cl#de6e is used!
I/FSCK    ( 2461):  - chain start from cl#e8e9 is used!
I/FSCK    ( 2461):  - chain start from cl#ed4d is used!
I/FSCK    ( 2461):  - chain start from cl#1007f is used!
I/FSCK    ( 2461): readDosDirSection()
I/FSCK    ( 2461):  - chain start from cl#c791 is used!
I/FSCK    ( 2461):  - gather more info for dir(/1/apksall/dictionars/.)
I/FSCK    ( 2461):  - chain start from cl#8ab2 is used!
I/FSCK    ( 2461):  - gather more info for dir(/1/apksall/dictionars/..)
I/FSCK    ( 2461):  - chain start from cl#c792 is used!
I/FSCK    ( 2461):  - gather more info for dir(/1/apksall/dictionars/dex)
I/FSCK    ( 2461): check_dot_dot().. Directory must have (.) and (..).
I/FSCK    ( 2461): readDosDirSection()
I/FSCK    ( 2461):  - chain start from cl#c792 is used!
I/FSCK    ( 2461):  - gather more info for dir(/1/apksall/dictionars/dex/.)
I/FSCK    ( 2461):  - chain start from cl#c791 is used!
I/FSCK    ( 2461):  - gather more info for dir(/1/apksall/dictionars/dex/..)
I/FSCK    ( 2461):  - chain start from cl#c793 is used!
I/FSCK    ( 2461):  - chain start from cl#c87a is used!
I/FSCK    ( 2461):  - chain start from cl#c87b is used!
I/FSCK    ( 2461): readDosDirSection()
I/FSCK    ( 2461):  - chain start from cl#a67d is used!
I/FSCK    ( 2461):  - gather more info for dir(/1/apksall/permissions/.)
I/FSCK    ( 2461):  - chain start from cl#8ab2 is used!
I/FSCK    ( 2461):  - gather more info for dir(/1/apksall/permissions/..)
I/FSCK    ( 2461):  - chain start from cl#a67e is used!
I/FSCK    ( 2461):  - gather more info for dir(/1/apksall/permissions/orig)
I/FSCK    ( 2461): check_dot_dot().. Directory must have (.) and (..).
I/FSCK    ( 2461):  - chain start from cl#a6ce is used!
I/FSCK    ( 2461):  - chain start from cl#a71c is used!
I/FSCK    ( 2461): readDosDirSection()
I/FSCK    ( 2461):  - chain start from cl#a67e is used!
I/FSCK    ( 2461):  - gather more info for dir(/1/apksall/permissions/orig/.)
I/FSCK    ( 2461):  - chain start from cl#a67d is used!
I/FSCK    ( 2461):  - gather more info for dir(/1/apksall/permissions/orig/..)
I/FSCK    ( 2461):  - chain start from cl#a67f is used!
I/FSCK    ( 2461):  - chain start from cl#a6cd is used!
I/FSCK    ( 2461): readDosDirSection()
I/FSCK    ( 2461):  - chain start from cl#a5b6 is used!
I/FSCK    ( 2461):  - gather more info for dir(/1/apksall/logger/.)
I/FSCK    ( 2461):  - chain start from cl#8ab2 is used!
I/FSCK    ( 2461):  - gather more info for dir(/1/apksall/logger/..)
I/FSCK    ( 2461):  - chain start from cl#a5b7 is used!
I/FSCK    ( 2461):  - gather more info for dir(/1/apksall/logger/atimelogger)
I/FSCK    ( 2461): check_dot_dot().. Directory must have (.) and (..).
I/FSCK    ( 2461): readDosDirSection()
I/FSCK    ( 2461):  - chain start from cl#a5b7 is used!
I/FSCK    ( 2461):  - gather more info for dir(/1/apksall/logger/atimelogger/.)
I/FSCK    ( 2461):  - chain start from cl#a5b6 is used!
I/FSCK    ( 2461):  - gather more info for dir(/1/apksall/logger/atimelogger/..)
I/FSCK    ( 2461):  - chain start from cl#a5b8 is used!
I/FSCK    ( 2461):  - chain start from cl#a5b9 is used!
I/FSCK    ( 2461):  - chain start from cl#a67c is used!
I/FSCK    ( 2461): readDosDirSection()
I/FSCK    ( 2461):  - chain start from cl#a4ca is used!
I/FSCK    ( 2461):  - gather more info for dir(/1/apksall/knowledgebase/.)
I/FSCK    ( 2461):  - chain start from cl#8ab2 is used!
I/FSCK    ( 2461):  - gather more info for dir(/1/apksall/knowledgebase/..)
I/FSCK    ( 2461):  - chain start from cl#a4cb is used!
I/FSCK    ( 2461):  - chain start from cl#a4cc is used!
I/FSCK    ( 2461):  - chain start from cl#a4cd is used!
I/FSCK    ( 2461): readDosDirSection()
I/FSCK    ( 2461):  - chain start from cl#a4bf is used!
I/FSCK    ( 2461):  - gather more info for dir(/1/apksall/flexisketch/.)
I/FSCK    ( 2461):  - chain start from cl#8ab2 is used!
I/FSCK    ( 2461):  - gather more info for dir(/1/apksall/flexisketch/..)
I/FSCK    ( 2461):  - chain start from cl#a4c0 is used!
I/FSCK    ( 2461):  - chain start from cl#a4c1 is used!
I/FSCK    ( 2461):  - chain start from cl#a4c9 is used!
I/FSCK    ( 2461): readDosDirSection()
I/FSCK    ( 2461):  - chain start from cl#a43e is used!
I/FSCK    ( 2461):  - gather more info for dir(/1/apksall/voice recorder/.)
I/FSCK    ( 2461):  - chain start from cl#8ab2 is used!
I/FSCK    ( 2461):  - gather more info for dir(/1/apksall/voice recorder/..)
I/FSCK    ( 2461):  - chain start from cl#a43f is used!
I/FSCK    ( 2461):  - chain start from cl#a440 is used!
I/FSCK    ( 2461):  - chain start from cl#a441 is used!
I/FSCK    ( 2461):  - chain start from cl#a442 is used!
I/FSCK    ( 2461): readDosDirSection()
I/FSCK    ( 2461):  - chain start from cl#a1e3 is used!
I/FSCK    ( 2461):  - gather more info for dir(/1/apksall/guitar/.)
I/FSCK    ( 2461):  - chain start from cl#8ab2 is used!
I/FSCK    ( 2461):  - gather more info for dir(/1/apksall/guitar/..)
I/FSCK    ( 2461):  - chain start from cl#a1e4 is used!
I/FSCK    ( 2461):  - chain start from cl#a1e5 is used!
I/FSCK    ( 2461):  - chain start from cl#a1e6 is used!
I/FSCK    ( 2461): readDosDirSection()
I/FSCK    ( 2461):  - chain start from cl#a033 is used!
I/FSCK    ( 2461):  - gather more info for dir(/1/apksall/vlc/.)
I/FSCK    ( 2461):  - chain start from cl#8ab2 is used!
I/FSCK    ( 2461):  - gather more info for dir(/1/apksall/vlc/..)
I/FSCK    ( 2461):  - chain start from cl#a034 is used!
I/FSCK    ( 2461):  - chain start from cl#a035 is used!
I/FSCK    ( 2461): readDosDirSection()
I/FSCK    ( 2461):  - chain start from cl#9ff6 is used!
I/FSCK    ( 2461):  - gather more info for dir(/1/apksall/totalcommander/.)
I/FSCK    ( 2461):  - chain start from cl#8ab2 is used!
I/FSCK    ( 2461):  - gather more info for dir(/1/apksall/totalcommander/..)
I/FSCK    ( 2461):  - chain start from cl#9ff7 is used!
I/FSCK    ( 2461):  - chain start from cl#9ff8 is used!
I/FSCK    ( 2461):  - chain start from cl#a032 is used!
I/FSCK    ( 2461): readDosDirSection()
I/FSCK    ( 2461):  - chain start from cl#9f6b is used!
I/FSCK    ( 2461):  - gather more info for dir(/1/apksall/task manager/.)
I/FSCK    ( 2461):  - chain start from cl#8ab2 is used!
I/FSCK    ( 2461):  - gather more info for dir(/1/apksall/task manager/..)
I/FSCK    ( 2461):  - chain start from cl#9f6c is used!
I/FSCK    ( 2461):  - chain start from cl#9f6d is used!
I/FSCK    ( 2461): readDosDirSection()
I/FSCK    ( 2461):  - chain start from cl#9d24 is used!
I/FSCK    ( 2461):  - gather more info for dir(/1/apksall/piano/.)
I/FSCK    ( 2461):  - chain start from cl#8ab2 is used!
I/FSCK    ( 2461):  - gather more info for dir(/1/apksall/piano/..)
I/FSCK    ( 2461):  - chain start from cl#9d25 is used!
I/FSCK    ( 2461):  - gather more info for dir(/1/apksall/piano/2013 one)
I/FSCK    ( 2461): check_dot_dot().. Directory must have (.) and (..).
I/FSCK    ( 2461):  - chain start from cl#9e44 is used!
I/FSCK    ( 2461):  - gather more info for dir(/1/apksall/piano/2015 another one)
I/FSCK    ( 2461): check_dot_dot().. Directory must have (.) and (..).
I/FSCK    ( 2461): readDosDirSection()
I/FSCK    ( 2461):  - chain start from cl#9e44 is used!
I/FSCK    ( 2461):  - gather more info for dir(/1/apksall/piano/2015 another one/.)
I/FSCK    ( 2461):  - chain start from cl#9d24 is used!
I/FSCK    ( 2461):  - gather more info for dir(/1/apksall/piano/2015 another one/..)
I/FSCK    ( 2461):  - chain start from cl#9e45 is used!
I/FSCK    ( 2461):  - chain start from cl#9e46 is used!
I/FSCK    ( 2461): readDosDirSection()
I/FSCK    ( 2461):  - chain start from cl#9d25 is used!
I/FSCK    ( 2461):  - gather more info for dir(/1/apksall/piano/2013 one/.)
I/FSCK    ( 2461):  - chain start from cl#9d24 is used!
I/FSCK    ( 2461):  - gather more info for dir(/1/apksall/piano/2013 one/..)
I/FSCK    ( 2461):  - chain start from cl#9d26 is used!
I/FSCK    ( 2461):  - chain start from cl#9d27 is used!
I/FSCK    ( 2461):  - chain start from cl#9e43 is used!
I/FSCK    ( 2461): readDosDirSection()
I/FSCK    ( 2461):  - chain start from cl#9ced is used!
I/FSCK    ( 2461):  - gather more info for dir(/1/apksall/info/.)
I/FSCK    ( 2461):  - chain start from cl#8ab2 is used!
I/FSCK    ( 2461):  - gather more info for dir(/1/apksall/info/..)
I/FSCK    ( 2461):  - chain start from cl#9cee is used!
I/FSCK    ( 2461):  - gather more info for dir(/1/apksall/info/cpu-z)
I/FSCK    ( 2461): check_dot_dot().. Directory must have (.) and (..).
I/FSCK    ( 2461):  - chain start from cl#9d1b is used!
I/FSCK    ( 2461):  - gather more info for dir(/1/apksall/info/droid examiner)
I/FSCK    ( 2461): check_dot_dot().. Directory must have (.) and (..).
I/FSCK    ( 2461): readDosDirSection()
I/FSCK    ( 2461):  - chain start from cl#9d1b is used!
I/FSCK    ( 2461):  - gather more info for dir(/1/apksall/info/droid examiner/.)
I/FSCK    ( 2461):  - chain start from cl#9ced is used!
I/FSCK    ( 2461):  - gather more info for dir(/1/apksall/info/droid examiner/..)
I/FSCK    ( 2461):  - chain start from cl#9d1c is used!
I/FSCK    ( 2461):  - chain start from cl#9d1d is used!
I/FSCK    ( 2461):  - chain start from cl#9d1e is used!
I/FSCK    ( 2461): readDosDirSection()
I/FSCK    ( 2461):  - chain start from cl#9cee is used!
I/FSCK    ( 2461):  - gather more info for dir(/1/apksall/info/cpu-z/.)
I/FSCK    ( 2461):  - chain start from cl#9ced is used!
I/FSCK    ( 2461):  - gather more info for dir(/1/apksall/info/cpu-z/..)
I/FSCK    ( 2461):  - chain start from cl#9cef is used!
I/FSCK    ( 2461):  - chain start from cl#9cf0 is used!
I/FSCK    ( 2461):  - chain start from cl#9cf1 is used!
I/FSCK    ( 2461): readDosDirSection()
I/FSCK    ( 2461):  - chain start from cl#98d5 is used!
I/FSCK    ( 2461):  - gather more info for dir(/1/apksall/ide/.)
I/FSCK    ( 2461):  - chain start from cl#8ab2 is used!
I/FSCK    ( 2461):  - gather more info for dir(/1/apksall/ide/..)
I/FSCK    ( 2461):  - chain start from cl#98d6 is used!
I/FSCK    ( 2461):  - chain start from cl#9cec is used!
I/FSCK    ( 2461): readDosDirSection()
I/FSCK    ( 2461):  - chain start from cl#92ca is used!
I/FSCK    ( 2461):  - gather more info for dir(/1/apksall/terminal/.)
I/FSCK    ( 2461):  - chain start from cl#8ab2 is used!
I/FSCK    ( 2461):  - gather more info for dir(/1/apksall/terminal/..)
I/FSCK    ( 2461):  - chain start from cl#92cb is used!
I/FSCK    ( 2461):  - gather more info for dir(/1/apksall/terminal/terminal-ide)
I/FSCK    ( 2461): check_dot_dot().. Directory must have (.) and (..).
I/FSCK    ( 2461):  - chain start from cl#98c0 is used!
I/FSCK    ( 2461):  - gather more info for dir(/1/apksall/terminal/terminal emulator)
I/FSCK    ( 2461): check_dot_dot().. Directory must have (.) and (..).
I/FSCK    ( 2461): readDosDirSection()
I/FSCK    ( 2461):  - chain start from cl#98c0 is used!
I/FSCK    ( 2461):  - gather more info for dir(/1/apksall/terminal/terminal emulator/.)
I/FSCK    ( 2461):  - chain start from cl#92ca is used!
I/FSCK    ( 2461):  - gather more info for dir(/1/apksall/terminal/terminal emulator/..)
I/FSCK    ( 2461):  - chain start from cl#98c1 is used!
I/FSCK    ( 2461):  - chain start from cl#98c2 is used!
I/FSCK    ( 2461):  - chain start from cl#98c3 is used!
I/FSCK    ( 2461): readDosDirSection()
I/FSCK    ( 2461):  - chain start from cl#92cb is used!
I/FSCK    ( 2461):  - gather more info for dir(/1/apksall/terminal/terminal-ide/.)
I/FSCK    ( 2461):  - chain start from cl#92ca is used!
I/FSCK    ( 2461):  - gather more info for dir(/1/apksall/terminal/terminal-ide/..)
I/FSCK    ( 2461):  - chain start from cl#92cc is used!
I/FSCK    ( 2461):  - chain start from cl#98be is used!
I/FSCK    ( 2461):  - chain start from cl#98bf is used!
I/FSCK    ( 2461): readDosDirSection()
I/FSCK    ( 2461):  - chain start from cl#9293 is used!
I/FSCK    ( 2461):  - gather more info for dir(/1/apksall/firewall/.)
I/FSCK    ( 2461):  - chain start from cl#8ab2 is used!
I/FSCK    ( 2461):  - gather more info for dir(/1/apksall/firewall/..)
I/FSCK    ( 2461):  - chain start from cl#9294 is used!
I/FSCK    ( 2461):  - chain start from cl#9295 is used!
I/FSCK    ( 2461): readDosDirSection()
I/FSCK    ( 2461):  - chain start from cl#8cea is used!
I/FSCK    ( 2461):  - gather more info for dir(/1/apksall/firefox/.)
I/FSCK    ( 2461):  - chain start from cl#8ab2 is used!
I/FSCK    ( 2461):  - gather more info for dir(/1/apksall/firefox/..)
I/FSCK    ( 2461):  - chain start from cl#8ceb is used!
I/FSCK    ( 2461):  - gather more info for dir(/1/apksall/firefox/beta)
I/FSCK    ( 2461): check_dot_dot().. Directory must have (.) and (..).
I/FSCK    ( 2461): readDosDirSection()
I/FSCK    ( 2461):  - chain start from cl#8ceb is used!
I/FSCK    ( 2461):  - gather more info for dir(/1/apksall/firefox/beta/.)
I/FSCK    ( 2461):  - chain start from cl#8cea is used!
I/FSCK    ( 2461):  - gather more info for dir(/1/apksall/firefox/beta/..)
I/FSCK    ( 2461):  - chain start from cl#8cec is used!
I/FSCK    ( 2461):  - gather more info for dir(/1/apksall/firefox/beta/addons)
I/FSCK    ( 2461): check_dot_dot().. Directory must have (.) and (..).
I/FSCK    ( 2461):  - chain start from cl#8d90 is used!
I/FSCK    ( 2461):  - chain start from cl#8d91 is used!
I/FSCK    ( 2461): readDosDirSection()
I/FSCK    ( 2461):  - chain start from cl#8cec is used!
I/FSCK    ( 2461):  - gather more info for dir(/1/apksall/firefox/beta/addons/.)
I/FSCK    ( 2461):  - chain start from cl#8ceb is used!
I/FSCK    ( 2461):  - gather more info for dir(/1/apksall/firefox/beta/addons/..)
I/FSCK    ( 2461):  - chain start from cl#8ced is used!
I/FSCK    ( 2461):  - gather more info for dir(/1/apksall/firefox/beta/addons/noscript)
I/FSCK    ( 2461): check_dot_dot().. Directory must have (.) and (..).
I/FSCK    ( 2461):  - chain start from cl#8cf7 is used!
I/FSCK    ( 2461):  - gather more info for dir(/1/apksall/firefox/beta/addons/uBlock)
I/FSCK    ( 2461): check_dot_dot().. Directory must have (.) and (..).
I/FSCK    ( 2461):  - chain start from cl#8d2a is used!
I/FSCK    ( 2461):  - gather more info for dir(/1/apksall/firefox/beta/addons/doesnt work on android)
I/FSCK    ( 2461): check_dot_dot().. Directory must have (.) and (..).
I/FSCK    ( 2461): readDosDirSection()
I/FSCK    ( 2461):  - chain start from cl#8d2a is used!
I/FSCK    ( 2461):  - gather more info for dir(/1/apksall/firefox/beta/addons/doesnt work on android/.)
I/FSCK    ( 2461):  - chain start from cl#8cec is used!
I/FSCK    ( 2461):  - gather more info for dir(/1/apksall/firefox/beta/addons/doesnt work on android/..)
I/FSCK    ( 2461):  - chain start from cl#8d2b is used!
I/FSCK    ( 2461):  - gather more info for dir(/1/apksall/firefox/beta/addons/doesnt work on android/requestpolicy)
I/FSCK    ( 2461): check_dot_dot().. Directory must have (.) and (..).
I/FSCK    ( 2461):  - chain start from cl#8d39 is used!
I/FSCK    ( 2461):  - gather more info for dir(/1/apksall/firefox/beta/addons/doesnt work on android/privacybadger)
I/FSCK    ( 2461): check_dot_dot().. Directory must have (.) and (..).
I/FSCK    ( 2461):  - chain start from cl#8d5c is used!
I/FSCK    ( 2461):  - gather more info for dir(/1/apksall/firefox/beta/addons/doesnt work on android/noscript4desktop)
I/FSCK    ( 2461): check_dot_dot().. Directory must have (.) and (..).
I/FSCK    ( 2461):  - chain start from cl#8d70 is used!
I/FSCK    ( 2461):  - gather more info for dir(/1/apksall/firefox/beta/addons/doesnt work on android/disconnect)
I/FSCK    ( 2461): check_dot_dot().. Directory must have (.) and (..).
I/FSCK    ( 2461): readDosDirSection()
I/FSCK    ( 2461):  - chain start from cl#8d70 is used!
I/FSCK    ( 2461):  - gather more info for dir(/1/apksall/firefox/beta/addons/doesnt work on android/disconnect/.)
I/FSCK    ( 2461):  - chain start from cl#8d2a is used!
I/FSCK    ( 2461):  - gather more info for dir(/1/apksall/firefox/beta/addons/doesnt work on android/disconnect/..)
I/FSCK    ( 2461):  - chain start from cl#8d71 is used!
I/FSCK    ( 2461):  - chain start from cl#8d72 is used!
I/FSCK    ( 2461): readDosDirSection()
I/FSCK    ( 2461):  - chain start from cl#8d5c is used!
I/FSCK    ( 2461):  - gather more info for dir(/1/apksall/firefox/beta/addons/doesnt work on android/noscript4desktop/.)
I/FSCK    ( 2461):  - chain start from cl#8d2a is used!
I/FSCK    ( 2461):  - gather more info for dir(/1/apksall/firefox/beta/addons/doesnt work on android/noscript4desktop/..)
I/FSCK    ( 2461):  - chain start from cl#8d5d is used!
I/FSCK    ( 2461):  - chain start from cl#8d5e is used!
I/FSCK    ( 2461): readDosDirSection()
I/FSCK    ( 2461):  - chain start from cl#8d39 is used!
I/FSCK    ( 2461):  - gather more info for dir(/1/apksall/firefox/beta/addons/doesnt work on android/privacybadger/.)
I/FSCK    ( 2461):  - chain start from cl#8d2a is used!
I/FSCK    ( 2461):  - gather more info for dir(/1/apksall/firefox/beta/addons/doesnt work on android/privacybadger/..)
I/FSCK    ( 2461):  - chain start from cl#8d3a is used!
I/FSCK    ( 2461):  - chain start from cl#8d3b is used!
I/FSCK    ( 2461): readDosDirSection()
I/FSCK    ( 2461):  - chain start from cl#8d2b is used!
I/FSCK    ( 2461):  - gather more info for dir(/1/apksall/firefox/beta/addons/doesnt work on android/requestpolicy/.)
I/FSCK    ( 2461):  - chain start from cl#8d2a is used!
I/FSCK    ( 2461):  - gather more info for dir(/1/apksall/firefox/beta/addons/doesnt work on android/requestpolicy/..)
I/FSCK    ( 2461):  - chain start from cl#8d2c is used!
I/FSCK    ( 2461):  - chain start from cl#8d2d is used!
I/FSCK    ( 2461):  - chain start from cl#8d2e is used!
I/FSCK    ( 2461): readDosDirSection()
I/FSCK    ( 2461):  - chain start from cl#8cf7 is used!
I/FSCK    ( 2461):  - gather more info for dir(/1/apksall/firefox/beta/addons/uBlock/.)
I/FSCK    ( 2461):  - chain start from cl#8cec is used!
I/FSCK    ( 2461):  - gather more info for dir(/1/apksall/firefox/beta/addons/uBlock/..)
I/FSCK    ( 2461):  - chain start from cl#8cf8 is used!
I/FSCK    ( 2461):  - chain start from cl#8cf9 is used!
I/FSCK    ( 2461): readDosDirSection()
I/FSCK    ( 2461):  - chain start from cl#8ced is used!
I/FSCK    ( 2461):  - gather more info for dir(/1/apksall/firefox/beta/addons/noscript/.)
I/FSCK    ( 2461):  - chain start from cl#8cec is used!
I/FSCK    ( 2461):  - gather more info for dir(/1/apksall/firefox/beta/addons/noscript/..)
I/FSCK    ( 2461):  - chain start from cl#8cee is used!
I/FSCK    ( 2461):  - gather more info for dir(/1/apksall/firefox/beta/addons/noscript/for android works)
